[steelthemes-20012418.hs-sites.com/garado.html]
[backblue.gif]
[fade.gif]
[index.html]
[20012418.fs1.hubspotusercontent-na1.net/hubfs/20012418/St-fav1.png]
[cdn2.hubspot.net/hub/20012418/hub_generated/template_assets/76024918448/1685592696912/garado/css/themerow.min.css]
[cdn2.hubspot.net/hub/20012418/hub_generated/template_assets/76024918456/1685592696903/garado/css/plugins/bootstrap.min.css]
[cdnjs.cloudflare.com/ajax/libs/font-awesome/4.1.0/css/font-awesome.css]
[cdn2.hubspot.net/hub/20012418/hub_generated/template_assets/76024918445/1685592702252/garado/css/flaticon.min.css]
[cdn2.hubspot.net/hub/20012418/hub_generated/template_assets/81913634971/1685592700695/garado/css/scss/components/variables.min.css]
[cdn2.hubspot.net/hub/20012418/hub_generated/template_assets/76024918447/1685592694112/garado/css/scss/main.min.css]
[cdn2.hubspot.net/hub/20012418/hub_generated/module_assets/81915313665/1661486543987/module_81915313665_garado-header-one.min.css]
[static.hsappstatic.net/cos-LanguageSwitcher/static-1.336/sass/LanguageSwitcher.css]
[cdn2.hubspot.net/hub/20012418/hub_generated/module_assets/76066356625/1660402775326/module_76066356625_slidergarado.min.css]
[cdn2.hubspot.net/hub/20012418/hub_generated/module_assets/76078645067/1660402763269/module_76078645067_categorycarousegarado.min.css]
[cdn2.hubspot.net/hub/20012418/hub_generated/module_assets/76078645129/1660402768930/module_76078645129_imageboxgarado.min.css]
[cdn2.hubspot.net/hub/20012418/hub_generated/module_assets/76079146903/1660402763093/module_76079146903_clientcarouselgarado.min.css]
[cdn2.hubspot.net/hub/20012418/hub_generated/module_assets/76078646644/1660402773866/module_76078646644_productgarado.min.css]
[cdn2.hubspot.net/hub/20012418/hub_generated/module_assets/76079147062/1660402774633/module_76079147062_showcasegarado.min.css]
[cdn2.hubspot.net/hub/20012418/hub_generated/module_assets/76078972336/1660402776380/module_76078972336_teamboxgarado.min.css]
[cdn2.hubspot.net/hub/20012418/hub_generated/module_assets/76143685693/1660402778496/module_76143685693_testimonialgarado.min.css]
[cdn2.hubspot.net/hub/20012418/hub_generated/module_assets/76052721783/1660402771243/module_76052721783_newsgarado.min.css]
[cdn2.hubspot.net/hub/20012418/hub_generated/module_assets/76079859733/1660402767546/module_76079859733_iconboxgarado.min.css]
[cdn2.hubspot.net/hub/20012418/hub_generated/module_assets/76183867311/1660402769876/module_76183867311_listitemsgarado.min.css]
[steelthemes-20012418.hs-sites.com/_hcms/googlefonts/Jost/regular.woff2]
[steelthemes-20012418.hs-sites.com/_hcms/googlefonts/Jost/regular.woff]
[steelthemes-20012418.hs-sites.com/_hcms/googlefonts/Rubik/regular.woff2]
[steelthemes-20012418.hs-sites.com/_hcms/googlefonts/Rubik/regular.woff]
[steelthemes-20012418.hs-sites.com/en-in/garado.html]
[steelthemes-20012418.hs-sites.com/home.html]
[20012418.fs1.hubspotusercontent-na1.net/hub/20012418/hubfs/logo-2ec59.png]
[steelthemes-20012418.hs-sites.com/garado/landing-page.html]
[steelthemes-20012418.hs-sites.com/garado/about-us.html]
[steelthemes-20012418.hs-sites.com/garado/faqs.html]
[steelthemes-20012418.hs-sites.com/garado/gallery.html]
[steelthemes-20012418.hs-sites.com/garado/product.html]
[steelthemes-20012418.hs-sites.com/garado/delphine-cane-velvet-accent-chair.html]
[steelthemes-20012418.hs-sites.com/garado/blog.html]
[steelthemes-20012418.hs-sites.com/garado/blog/tree-earth-fowl-given-moveth-deep-lesser-after.html]
[steelthemes-20012418.hs-sites.com/garado/contact.html]
[20012418.fs1.hubspotusercontent-na1.net/hubfs/20012418/raw_assets/public/garado/images/brand-1.png]
[20012418.fs1.hubspotusercontent-na1.net/hubfs/20012418/raw_assets/public/garado/images/brand-2.png]
[20012418.fs1.hubspotusercontent-na1.net/hubfs/20012418/raw_assets/public/garado/images/brand-3.png]
[20012418.fs1.hubspotusercontent-na1.net/hubfs/20012418/raw_assets/public/garado/images/brand-4.png]
[20012418.fs1.hubspotusercontent-na1.net/hubfs/20012418/raw_assets/public/garado/images/brand-5.png]
[steelthemes-20012418.hs-sites.com/garado/baptisia-square-coffee-table.html]
[20012418.fs1.hubspotusercontent-na1.net/hubfs/20012418/garadoblog6.jpg]
[steelthemes-20012418.hs-sites.com/tag/finance]
[steelthemes-20012418.hs-sites.com/tag/testing]
[steelthemes-20012418.hs-sites.com/tag/developing]
[steelthemes-20012418.hs-sites.com/tag/landscape]
[steelthemes-20012418.hs-sites.com/tag/lawncare]
[steelthemes-20012418.hs-sites.com/tag/gardening]
[steelthemes-20012418.hs-sites.com/tag/watering]
[steelthemes-20012418.hs-sites.com/tag/material]
[steelthemes-20012418.hs-sites.com/garado/blog/given-set-was-without-from-god-divide-rule-hath.html]
[steelthemes-20012418.hs-sites.com/garado/blog/a-lesson-in-pant-silhouettes-with-our-design-team.html]
[20012418.fs1.hubspotusercontent-na1.net/hubfs/20012418/raw_assets/public/garado/images/icon-1.png]
[20012418.fs1.hubspotusercontent-na1.net/hubfs/20012418/raw_assets/public/garado/images/icon-4.png]
[20012418.fs1.hubspotusercontent-na1.net/hubfs/20012418/raw_assets/public/garado/images/icon-3.png]
[20012418.fs1.hubspotusercontent-na1.net/hubfs/20012418/raw_assets/public/garado/images/icon-2.png]
[steelthemes-20012418.hs-sites.com/garado/templates/partials/footer.html]
[static.hsappstatic.net/content-cwv-embed/static-1.1293/embed.js]
[cdn2.hubspot.net/hub/20012418/hub_generated/template_assets/76024623524/1685592697544/garado/js/plugins/jquery-3.6.0.min.js]
[cdn2.hubspot.net/hub/20012418/hub_generated/template_assets/76024918533/1685592701774/garado/js/plugins/bootstrap.bundle.min.js]
[cdn2.hubspot.net/hub/20012418/hub_generated/template_assets/81913634973/1685592701534/garado/js/plugins/countdown.min.js]
[cdn2.hubspot.net/hub/20012418/hub_generated/template_assets/76024917622/1685592702839/garado/js/plugins/mobile-menu.min.js]
[cdn2.hubspot.net/hub/20012418/hub_generated/template_assets/76024918539/1685592701023/garado/js/plugins/theme.min.js]
[static.hsappstatic.net/cos-i18n/static-1.53/bundles/project.js]
[steelthemes-20012418.hs-sites.com/hs/scriptloader/20012418.js]
[steelthemes-20012418.hs-sites.com/garado.html]
[cdn2.hubspot.net/hub/20012418/hub_generated/template_assets/76024918448/1685592696912/garado/css/themerow.min.css]
[cdn2.hubspot.net/hub/20012418/hub_generated/template_assets/76024918456/1685592696903/garado/css/plugins/bootstrap.min.css]
[cdnjs.cloudflare.com/ajax/libs/font-awesome/4.1.0/css/font-awesome.css]
[cdn2.hubspot.net/hub/20012418/hub_generated/template_assets/76024918445/1685592702252/garado/css/flaticon.min.css]
[cdn2.hubspot.net/hub/20012418/hub_generated/template_assets/81913634971/1685592700695/garado/css/scss/components/variables.min.css]
[cdn2.hubspot.net/hub/20012418/hub_generated/template_assets/76024918447/1685592694112/garado/css/scss/main.min.css]
[cdn2.hubspot.net/hub/20012418/hub_generated/module_assets/81915313665/1661486543987/module_81915313665_garado-header-one.min.css]
[static.hsappstatic.net/HubspotToolsMenu/static-1.393/js/index.js]
[static.hsappstatic.net/cos-LanguageSwitcher/static-1.11/img/globe.png]
[static.hsappstatic.net/cos-LanguageSwitcher/static-1.336/sass/LanguageSwitcher.css]
[cdn2.hubspot.net/hub/20012418/hub_generated/module_assets/76066356625/1660402775326/module_76066356625_slidergarado.min.css]
[cdn2.hubspot.net/hub/20012418/hub_generated/module_assets/76078645067/1660402763269/module_76078645067_categorycarousegarado.min.css]
[cdn2.hubspot.net/hub/20012418/hub_generated/module_assets/76078645129/1660402768930/module_76078645129_imageboxgarado.min.css]
[cdn2.hubspot.net/hub/20012418/hub_generated/module_assets/76079146903/1660402763093/module_76079146903_clientcarouselgarado.min.css]
[cdn2.hubspot.net/hub/20012418/hub_generated/module_assets/76078646644/1660402773866/module_76078646644_productgarado.min.css]
[cdn2.hubspot.net/hub/20012418/hub_generated/module_assets/76079147062/1660402774633/module_76079147062_showcasegarado.min.css]
[cdn2.hubspot.net/hub/20012418/hub_generated/module_assets/76078972336/1660402776380/module_76078972336_teamboxgarado.min.css]
[cdn2.hubspot.net/hub/20012418/hub_generated/module_assets/76143685693/1660402778496/module_76143685693_testimonialgarado.min.css]
[cdn2.hubspot.net/hub/20012418/hub_generated/module_assets/76052721783/1660402771243/module_76052721783_newsgarado.min.css]
[cdn2.hubspot.net/hub/20012418/hub_generated/module_assets/76079859733/1660402767546/module_76079859733_iconboxgarado.min.css]
[cdn2.hubspot.net/hub/20012418/hub_generated/module_assets/76183867311/1660402769876/module_76183867311_listitemsgarado.min.css]
[20012418.fs1.hubspotusercontent-na1.net/hubfs/20012418/raw_assets/public/garado/images/bg-none.jpg]
[20012418.fs1.hubspotusercontent-na1.net/hubfs/20012418/raw_assets/public/garado/images/cate/cat-1.jpg]
[20012418.fs1.hubspotusercontent-na1.net/hubfs/20012418/raw_assets/public/garado/images/cate/cat-2.jpg]
[20012418.fs1.hubspotusercontent-na1.net/hubfs/20012418/raw_assets/public/garado/images/cate/cat-3.jpg]
[20012418.fs1.hubspotusercontent-na1.net/hubfs/20012418/raw_assets/public/garado/images/cate/cat-4.jpg]
[20012418.fs1.hubspotusercontent-na1.net/hubfs/20012418/raw_assets/public/garado/images/cate/cat-5.jpg]
[20012418.fs1.hubspotusercontent-na1.net/hubfs/20012418/raw_assets/public/garado/images/cate/cat-6.jpg]
[20012418.fs1.hubspotusercontent-na1.net/hubfs/20012418/raw_assets/public/garado/images/cate/cat-7.jpg]
[20012418.fs1.hubspotusercontent-na1.net/hubfs/20012418/raw_assets/public/garado/images/cate/cat-8.jpg]
[20012418.fs1.hubspotusercontent-na1.net/hubfs/20012418/raw_assets/public/garado/images/about2.jpg]
[20012418.fs1.hubspotusercontent-na1.net/hubfs/20012418/raw_assets/public/garado/images/about1.jpg]
[20012418.fs1.hubspotusercontent-na1.net/hubfs/20012418/raw_assets/public/garado/images/show-case.jpg]
[20012418.fs1.hubspotusercontent-na1.net/hubfs/20012418/raw_assets/public/garado/images/team-1.jpg]
[20012418.fs1.hubspotusercontent-na1.net/hubfs/20012418/raw_assets/public/garado/images/team-2.jpg]
[20012418.fs1.hubspotusercontent-na1.net/hubfs/20012418/raw_assets/public/garado/images/team-3.jpg]
[20012418.fs1.hubspotusercontent-na1.net/hubfs/20012418/raw_assets/public/garado/images/test-1.png]
[steelthemes-20012418.hs-sites.com/en-in/garado/templates/partials/footer.html]
[steelthemes-20012418.hs-sites.com/en-in/garado.html]
[kit.fontawesome.com/2c8ec9a343.js]
[cdn2.hubspot.net/hub/20012418/hub_generated/template_assets/46702252457/1620409547459/steeltheme-delaware/css/bootstrap.min.min.css]
[cdn2.hubspot.net/hub/20012418/hub_generated/template_assets/46697135404/1625289359758/steeltheme-delaware/css/main.min.css]
[cdn2.hubspot.net/hub/20012418/hub_generated/template_assets/46702252455/1620409546591/steeltheme-delaware/css/owl.carousel.min.min.css]
[cdn2.hubspot.net/hub/20012418/hub_generated/template_assets/46702252456/1621313250115/steeltheme-delaware/css/responsive.min.css]
[cdn2.hubspot.net/hub/20012418/hub_generated/template_assets/46701419110/1620409546455/steeltheme-delaware/css/jquery.fancybox.min.min.css]
[cdn2.hubspot.net/hub/20012418/hub_generated/template_assets/46697152334/1621313251161/steeltheme-delaware/css/animate.min.css]
[7052064.fs1.hubspotusercontent-na1.net/hubfs/7052064/hub_generated/module_assets/1/2712622/1738858911740/module_search_input.min.css]
[steelthemes-20012418.hs-sites.com/_hcms/googlefonts/Poppins/regular.woff2]
[steelthemes-20012418.hs-sites.com/_hcms/googlefonts/Poppins/regular.woff]
[20012418.fs1.hubspotusercontent-na1.net/hubfs/20012418/bg-1.jpg]
[20012418.fs1.hubspotusercontent-na1.net/hubfs/20012418/raw_assets/public/steeltheme-delaware/images/client-bg.jpg]
[20012418.fs1.hubspotusercontent-na1.net/hubfs/20012418/raw_assets/public/steeltheme-delaware/images/counter-bg.jpg]
[20012418.fs1.hubspotusercontent-na1.net/hubfs/20012418/raw_assets/public/steeltheme-delaware/images/request.jpg]
[steelthemes-20012418.hs-sites.com/fr/home.html]
[20012418.fs1.hubspotusercontent-na1.net/hubfs/20012418/raw_assets/public/steeltheme-delaware/images/pre-loader.gif]
[20012418.fs1.hubspotusercontent-na1.net/hub/20012418/hubfs/logo-delware-1a4fa.png]
[steelthemes-20012418.hs-sites.com/about-us.html]
[steelthemes-20012418.hs-sites.com/our-cases-01.html]
[steelthemes-20012418.hs-sites.com/our-cases-02.html]
[steelthemes-20012418.hs-sites.com/a-homeland-security-agency.html]
[steelthemes-20012418.hs-sites.com/delaware/landing-page.html]
[steelthemes-20012418.hs-sites.com/service.html]
[steelthemes-20012418.hs-sites.com/finance-restructuring.html]
[steelthemes-20012418.hs-sites.com/en/blog.html]
[steelthemes-20012418.hs-sites.com/en/blog/news-finance-and-legal-work-streams-occur-throughout-the-project-0.html]
[steelthemes-20012418.hs-sites.com/hs-search-results091c.html]
[steelthemes-20012418.hs-sites.com/leading-water-manufacturer.html]
[steelthemes-20012418.hs-sites.com/404c6eb]
[steelthemes-20012418.hs-sites.com/contact-us.html]
[20012418.fs1.hubspotusercontent-na1.net/hubfs/20012418/raw_assets/public/steeltheme-delaware/images/banner-1.jpg]
[20012418.fs1.hubspotusercontent-na1.net/hubfs/20012418/raw_assets/public/steeltheme-delaware/images/banner-2.jpg]
[20012418.fs1.hubspotusercontent-na1.net/hubfs/20012418/raw_assets/public/steeltheme-delaware/images/banner-3.jpg]
[20012418.fs1.hubspotusercontent-na1.net/hub/20012418/hubfs/media-bgb68f.jpg]
[20012418.fs1.hubspotusercontent-na1.net/hubfs/20012418/raw_assets/public/steeltheme-delaware/images/product-section-1.jpg]
[20012418.fs1.hubspotusercontent-na1.net/hubfs/20012418/raw_assets/public/steeltheme-delaware/images/product-section-2.jpg]
[steelthemes-20012418.hs-sites.com/audit-assurance.html]
[20012418.fs1.hubspotusercontent-na1.net/hubfs/20012418/raw_assets/public/steeltheme-delaware/images/product-section-3.jpg]
[steelthemes-20012418.hs-sites.com/trades-stocks.html]
[20012418.fs1.hubspotusercontent-na1.net/hubfs/20012418/raw_assets/public/steeltheme-delaware/images/product-2-1.jpg]
[steelthemes-20012418.hs-sites.com/strategic-communications.html]
[20012418.fs1.hubspotusercontent-na1.net/hubfs/20012418/raw_assets/public/steeltheme-delaware/images/product-2-2.jpg]
[steelthemes-20012418.hs-sites.com/marketing-sales.html]
[20012418.fs1.hubspotusercontent-na1.net/hubfs/20012418/raw_assets/public/steeltheme-delaware/images/product-2-3.jpg]
[steelthemes-20012418.hs-sites.com/strategic-planning.html]
[19930970.fs1.hubspotusercontent-na1.net/hub/19930970/hubfs/bg-1.18b1266.delayed]
[20012418.fs1.hubspotusercontent-na1.net/hub/20012418/hubfs/sec-signc564.png]
[20012418.fs1.hubspotusercontent-na1.net/hubfs/20012418/raw_assets/public/steeltheme-delaware/images/icon.png]
[20012418.fs1.hubspotusercontent-na1.net/hubfs/20012418/raw_assets/public/steeltheme-delaware/images/icon1.png]
[20012418.fs1.hubspotusercontent-na1.net/hubfs/20012418/raw_assets/public/steeltheme-delaware/images/icon2.png]
[20012418.fs1.hubspotusercontent-na1.net/hubfs/20012418/raw_assets/public/steeltheme-delaware/images/s-1.jpg]
[20012418.fs1.hubspotusercontent-na1.net/hubfs/20012418/raw_assets/public/steeltheme-delaware/images/s-2.jpg]
[20012418.fs1.hubspotusercontent-na1.net/hubfs/20012418/raw_assets/public/steeltheme-delaware/images/s-3.jpg]
[20012418.fs1.hubspotusercontent-na1.net/hubfs/20012418/raw_assets/public/steeltheme-delaware/images/s-4.jpg]
[20012418.fs1.hubspotusercontent-na1.net/hubfs/20012418/raw_assets/public/steeltheme-delaware/images/s-5.jpg]
[20012418.fs1.hubspotusercontent-na1.net/hubfs/20012418/raw_assets/public/steeltheme-delaware/images/s-6.jpg]
[20012418.fs1.hubspotusercontent-na1.net/hub/20012418/hubfs/c-test0eb08.jpg]
[20012418.fs1.hubspotusercontent-na1.net/hub/20012418/hubfs/c-test3835.jpg]
[20012418.fs1.hubspotusercontent-na1.net/hubfs/20012418/blog-1-1.jpg]
[steelthemes-20012418.hs-sites.com/en/blog/tag/finance.html]
[steelthemes-20012418.hs-sites.com/en/blog/academic-and-scientific-institutions-companies-around-the-world.html]
[20012418.fs1.hubspotusercontent-na1.net/hubfs/20012418/blog-3.jpg]
[steelthemes-20012418.hs-sites.com/en/blog/news-finance-and-legal-work-streams-occur-throughout-the-project-0-0-0-0-0.html]
[20012418.fs1.hubspotusercontent-na1.net/hubfs/20012418/blog-2-1.jpg]
[steelthemes-20012418.hs-sites.com/en/blog/tag/searching.html]
[steelthemes-20012418.hs-sites.com/en/blog/news-finance-and-legal-work-streams-occur-throughout-the-project-0-0-0-0.html]
[steelthemes-20012418.hs-sites.com/steeltheme-delaware/templates/partials/footer.html]
[20012418.fs1.hubspotusercontent-na1.net/hub/20012418/hubfs/footer-lo9a37.png]
[cdn2.hubspot.net/hub/20012418/hub_generated/template_assets/46697139220/1620409547921/steeltheme-delaware/js/jquery-3.6.0.min.min.js]
[cdn2.hubspot.net/hub/20012418/hub_generated/template_assets/46697139217/1620409547037/steeltheme-delaware/js/bootstrap.min.min.js]
[cdn2.hubspot.net/hub/20012418/hub_generated/template_assets/46702252459/1620409547931/steeltheme-delaware/js/jquery.fancybox.min.min.js]
[cdn2.hubspot.net/hub/20012418/hub_generated/template_assets/46702252460/1621313249523/steeltheme-delaware/js/owl.carousel.min.js]
[cdn2.hubspot.net/hub/20012418/hub_generated/template_assets/46697152336/1621313249065/steeltheme-delaware/js/sharer.min.js]
[cdn2.hubspot.net/hub/20012418/hub_generated/template_assets/46697139221/1621313247817/steeltheme-delaware/js/other.min.js]
[7052064.fs1.hubspotusercontent-na1.net/hubfs/7052064/hub_generated/module_assets/1/2712622/1738858911740/module_search_input.min.js]
[steelthemes-20012418.hs-sites.com/home.html]
[steelthemes-20012418.hs-sites.com/_hcms/forms/v2.js]
[steelthemes-20012418.hs-sites.com/garado/around-coffee-table.html]
[steelthemes-20012418.hs-sites.com/garado/garado/templates/partials/footer.html]
[steelthemes-20012418.hs-sites.com/garado/landing-page.html]
[cdn2.hubspot.net/hub/20012418/hub_generated/module_assets/76156962416/1660402766086/module_76156962416_faqsgarado.min.css]
[20012418.fs1.hubspotusercontent-na1.net/hubfs/20012418/raw_assets/public/garado/images/product2.jpg]
[20012418.fs1.hubspotusercontent-na1.net/hubfs/20012418/raw_assets/public/garado/images/product1.jpg]
[steelthemes-20012418.hs-sites.com/garado/about-us.html]
[steelthemes-20012418.hs-sites.com/garado/faqs.html]
[cdn2.hubspot.net/hub/20012418/hub_generated/module_assets/76156962416/1660402765105/module_76156962416_faqsgarado.min.js]
[cdn2.hubspot.net/hub/20012418/hub_generated/module_assets/76258460253/1660402765989/module_76258460253_gallerygarado.min.css]
[20012418.fs1.hubspotusercontent-na1.net/hubfs/20012418/raw_assets/public/garado/images/gallery/gallery-1-min.jpg]
[20012418.fs1.hubspotusercontent-na1.net/hubfs/20012418/raw_assets/public/garado/images/gallery/gallery-2-min.png]
[20012418.fs1.hubspotusercontent-na1.net/hubfs/20012418/raw_assets/public/garado/images/gallery/gallery-3-min.jpg]
[20012418.fs1.hubspotusercontent-na1.net/hubfs/20012418/raw_assets/public/garado/images/gallery/gallery-4-min.jpg]
[20012418.fs1.hubspotusercontent-na1.net/hubfs/20012418/raw_assets/public/garado/images/gallery/gallery-5-min.jpg]
[20012418.fs1.hubspotusercontent-na1.net/hubfs/20012418/raw_assets/public/garado/images/gallery/gallery-6-min.jpg]
[20012418.fs1.hubspotusercontent-na1.net/hubfs/20012418/raw_assets/public/garado/images/gallery/gallery-7-min.jpg]
[20012418.fs1.hubspotusercontent-na1.net/hubfs/20012418/raw_assets/public/garado/images/gallery/gallery-8-min.jpg]
[20012418.fs1.hubspotusercontent-na1.net/hubfs/20012418/raw_assets/public/garado/images/gallery/gallery-9-min.jpg]
[20012418.fs1.hubspotusercontent-na1.net/hubfs/20012418/garadoblog5-min.jpg]
[steelthemes-20012418.hs-sites.com/garado/gallery.html]
[20012418.fs1.hubspotusercontent-na1.net/hubfs/20012418/product5-1.jpg]
[steelthemes-20012418.hs-sites.com/garado/clara-french-press.html]
[steelthemes-20012418.hs-sites.com/garado/hay-about-a-chair-aac-22.html]
[20012418.fs1.hubspotusercontent-na1.net/hubfs/20012418/product4-1.jpg]
[steelthemes-20012418.hs-sites.com/garado/product.html]
[steelthemes-20012418.hs-sites.com/garado/nikari-arte-marfa-stool.html]
[20012418.fs1.hubspotusercontent-na1.net/hub/20012418/hubfs/raw_assets/public/garado/images/product1f8d9.jpg]
[20012418.fs1.hubspotusercontent-na1.net/hubfs/20012418/product6-1.jpg]
[steelthemes-20012418.hs-sites.com/garado/delphine-cane-velvet-accent-chair.html]
[cdn2.hubspot.net/hub/20012418/hub_generated/module_assets/76314116479/1660403559474/module_76314116479_newsgaradotwo.min.css]
[steelthemes-20012418.hs-sites.com/garado/blog/page/2.html]
[steelthemes-20012418.hs-sites.com/garado/blog/rss.xml]
[steelthemes-20012418.hs-sites.com/garado/blog/tag/finance.html]
[platform.linkedin.com/in.js]
[steelthemes-20012418.hs-sites.com/garado/blog/tag/testing.html]
[steelthemes-20012418.hs-sites.com/garado/blog/tag/developing.html]
[steelthemes-20012418.hs-sites.com/garado/blog/tag/landscape.html]
[steelthemes-20012418.hs-sites.com/garado/blog/tag/lawncare.html]
[steelthemes-20012418.hs-sites.com/garado/blog/tag/gardening.html]
[steelthemes-20012418.hs-sites.com/garado/blog/tag/watering.html]
[steelthemes-20012418.hs-sites.com/garado/blog/tag/material.html]
[20012418.fs1.hubspotusercontent-na1.net/hubfs/20012418/garadoblog3-min.jpg]
[20012418.fs1.hubspotusercontent-na1.net/hubfs/20012418/garadoblog1-min.jpg]
[steelthemes-20012418.hs-sites.com/garado/blog/heaven-upon-heaven-moveth-every-have.html]
[20012418.fs1.hubspotusercontent-na1.net/hubfs/20012418/garadoblog4-min.jpg]
[steelthemes-20012418.hs-sites.com/garado/blog/third-darkness-and-second-dry-greater.html]
[steelthemes-20012418.hs-sites.com/garado/blog/the-morning-let-you-created-every-day.html]
[steelthemes-20012418.hs-sites.com/garado/blog/page/1.html]
[connect.facebook.net/en_GB/sdk.js]
[steelthemes-20012418.hs-sites.com/garado/blog.html]
[platform.twitter.com/widgets.js]
[static.hsappstatic.net/AsyncSupport/static-1.122/sass/comments_listing_asset.css]
[steelthemes-20012418.hs-sites.com/garado/blog/tree-earth-fowl-given-moveth-deep-lesser-after3d9f.html]
[steelthemes-20012418.hs-sites.com/garado/blog/author/authour.html]
[20012418.fs1.hubspotusercontent-na1.net/hubfs/20012418/c-test.jpg]
[steelthemes-20012418.hs-sites.com/index.html]
[steelthemes-20012418.hs-sites.com/garado/blog/steelthemes.212.delayed]
[steelthemes-20012418.hs-sites.com/garado/blog/garado/templates/partials/footer.html]
[steelthemes-20012418.hs-sites.com/garado/blog/tree-earth-fowl-given-moveth-deep-lesser-after.html]
[static.hsappstatic.net/AsyncSupport/static-1.122/js/comment_listing_asset.js]
[steelthemes-20012418.hs-sites.com/garado/contact.html]
[cdn2.hubspot.net/hub/20012418/hub_generated/module_assets/76329868852/1660402763655/module_76329868852_contactgarado.min.css]
[20012418.fs1.hubspotusercontent-na1.net/hub/20012418/hubfs/product2048a.jpg]
[steelthemes-20012418.hs-sites.com/garado/baptisia-square-coffee-table.html]
[steelthemes-20012418.hs-sites.com/tag/finance.html]
[steelthemes-20012418.hs-sites.com/tag/testing.html]
[steelthemes-20012418.hs-sites.com/tag/developing.html]
[steelthemes-20012418.hs-sites.com/tag/landscape.html]
[steelthemes-20012418.hs-sites.com/tag/lawncare.html]
[steelthemes-20012418.hs-sites.com/tag/gardening.html]
[steelthemes-20012418.hs-sites.com/tag/watering.html]
[steelthemes-20012418.hs-sites.com/tag/material.html]
[steelthemes-20012418.hs-sites.com/garado/blog/given-set-was-without-from-god-divide-rule-hath.html]
[steelthemes-20012418.hs-sites.com/garado/blog/given-set-was-without-from-god-divide-rule-hath3d9f.html]
[steelthemes-20012418.hs-sites.com/garado/blog/a-lesson-in-pant-silhouettes-with-our-design-team.html]
[steelthemes-20012418.hs-sites.com/garado/templates/partials/footer.html]
[steelthemes-20012418.hs-sites.com/en-in/garado/templates/partials/footer.html]
[cdn2.hubspot.net/hub/20012418/hub_generated/template_assets/46702252457/1620409547459/steeltheme-delaware/css/bootstrap.min.min.css]
[cdn2.hubspot.net/hub/20012418/hub_generated/template_assets/46697135404/1625289359758/steeltheme-delaware/css/main.min.css]
[steelthemes-20012418.hs-sites.com/garado/blog/a-lesson-in-pant-silhouettes-with-our-design-team3d9f.html]
[cdn2.hubspot.net/hub/20012418/hub_generated/template_assets/46702252455/1620409546591/steeltheme-delaware/css/owl.video.play.21d.delayed]
[cdn2.hubspot.net/hub/20012418/hub_generated/template_assets/46702252455/1620409546591/steeltheme-delaware/css/owl.carousel.min.min.css]
[cdn2.hubspot.net/hub/20012418/hub_generated/template_assets/46702252456/1621313250115/steeltheme-delaware/css/responsive.min.css]
[cdn2.hubspot.net/hub/20012418/hub_generated/template_assets/46701419110/1620409546455/steeltheme-delaware/css/jquery.fancybox.min.min.css]
[cdn2.hubspot.net/hub/20012418/hub_generated/template_assets/46697152334/1621313251161/steeltheme-delaware/css/animate.min.css]
[7052064.fs1.hubspotusercontent-na1.net/hubfs/7052064/hub_generated/module_assets/1/2712622/1738858911740/module_search_input.min.css]
[steelthemes-20012418.hs-sites.com/fr/blog.html]
[steelthemes-20012418.hs-sites.com/hs-search-results14d1.html]
[steelthemes-20012418.hs-sites.com/4040669]
[steelthemes-20012418.hs-sites.com/fr/steeltheme-delaware/templates/partials/footer.html]
[steelthemes-20012418.hs-sites.com/fr/home.html]
[js.hsforms.net/forms/v2.js]
[20012418.fs1.hubspotusercontent-na1.net/hubfs/20012418/raw_assets/public/steeltheme-delaware/images/work-process.jpg]
[20012418.fs1.hubspotusercontent-na1.net/hubfs/20012418/raw_assets/public/steeltheme-delaware/images/media-bg.jpg]
[20012418.fs1.hubspotusercontent-na1.net/hubfs/20012418/banner.jpg]
[20012418.fs1.hubspotusercontent-na1.net/hubfs/20012418/about-us-wel.jpg]
[20012418.fs1.hubspotusercontent-na1.net/hubfs/20012418/video-bg.jpg]
[steelthemes-20012418.hs-sites.com/about-us.html]
[20012418.fs1.hubspotusercontent-na1.net/hubfs/20012418/raw_assets/public/steeltheme-delaware/images/our-case-1.jpg]
[steelthemes-20012418.hs-sites.com/mobility-for-a-global-energy-giant.html]
[20012418.fs1.hubspotusercontent-na1.net/hubfs/20012418/raw_assets/public/steeltheme-delaware/images/our-case-2.jpg]
[20012418.fs1.hubspotusercontent-na1.net/hubfs/20012418/raw_assets/public/steeltheme-delaware/images/our-case-3.jpg]
[20012418.fs1.hubspotusercontent-na1.net/hubfs/20012418/raw_assets/public/steeltheme-delaware/images/our-case-4.jpg]
[steelthemes-20012418.hs-sites.com/putting-the-customer-in-control.html]
[20012418.fs1.hubspotusercontent-na1.net/hubfs/20012418/raw_assets/public/steeltheme-delaware/images/our-case-5.jpg]
[steelthemes-20012418.hs-sites.com/midwest-childrens-hospital.html]
[20012418.fs1.hubspotusercontent-na1.net/hubfs/20012418/raw_assets/public/steeltheme-delaware/images/our-case-6.jpg]
[steelthemes-20012418.hs-sites.com/our-cases-01.html]
[steelthemes-20012418.hs-sites.com/our-cases-02.html]
[steelthemes-20012418.hs-sites.com/consulting-and-finance-solutions.html]
[20012418.fs1.hubspotusercontent-na1.net/hub/20012418/hubfs/main37d2.jpg]
[steelthemes-20012418.hs-sites.com/a-homeland-security-agency.html]
[20012418.fs1.hubspotusercontent-na1.net/hub/20012418/hubfs/raw_assets/public/steeltheme-delaware/images/logo-delwareab56.png]
[20012418.fs1.hubspotusercontent-na1.net/hubfs/20012418/raw_assets/public/steeltheme-delaware/images/welcome-bg.jpg]
[20012418.fs1.hubspotusercontent-na1.net/hubfs/20012418/raw_assets/public/steeltheme-delaware/images/c-test0.jpg]
[20012418.fs1.hubspotusercontent-na1.net/hubfs/20012418/raw_assets/public/steeltheme-delaware/images/c-test.jpg]
[steelthemes-20012418.hs-sites.com/delaware/steeltheme-delaware/templates/partials/footer.html]
[steelthemes-20012418.hs-sites.com/delaware/landing-page.html]
[steelthemes-20012418.hs-sites.com/service.html]
[20012418.fs1.hubspotusercontent-na1.net/hubfs/20012418/service-post.jpg]
[20012418.fs1.hubspotusercontent-na1.net/hubfs/20012418/service-side-bar.jpg]
[steelthemes-20012418.hs-sites.com/finance-restructuring.html]
[steelthemes-20012418.hs-sites.com/en/blog/page/2.html]
[steelthemes-20012418.hs-sites.com/en/blog/rss.xml]
[steelthemes-20012418.hs-sites.com/hs-search-resultsb065.html]
[steelthemes-20012418.hs-sites.com/404]
[20012418.fs1.hubspotusercontent-na1.net/hub/20012418/hubfs/banner9f96.jpg]
[20012418.fs1.hubspotusercontent-na1.net/hubfs/20012418/blog-4.jpg]
[steelthemes-20012418.hs-sites.com/en/blog/tag/consulting.html]
[steelthemes-20012418.hs-sites.com/en/blog/news-finance-and-legal-work-streams-occur-throughout-the-project-0-0-0.html]
[20012418.fs1.hubspotusercontent-na1.net/hubfs/20012418/dela-blog-7.jpg]
[20012418.fs1.hubspotusercontent-na1.net/hubfs/20012418/single-post.jpg]
[steelthemes-20012418.hs-sites.com/en/blog/news-finance-and-legal-work-streams-occur-throughout-the-project-0-0.html]
[steelthemes-20012418.hs-sites.com/en/blog/page/1.html]
[steelthemes-20012418.hs-sites.com/en/steeltheme-delaware/templates/partials/footer.298.delayed]
[steelthemes-20012418.hs-sites.com/en/blog.html]
[steelthemes-20012418.hs-sites.com/en/blog/news-finance-and-legal-work-streams-occur-throughout-the-project-03d9f.html]
[steelthemes-20012418.hs-sites.com/en/blog/author/steel.html]
[steelthemes-20012418.hs-sites.com/en/blog/tag/testing.html]
[20012418.fs1.hubspotusercontent-na1.net/hubfs/20012418/c-test0.jpg]
[steelthemes-20012418.hs-sites.com/en/blog/steelthemesc6eb.com]
[steelthemes-20012418.hs-sites.com/en/blog/steeltheme-delaware/templates/partials/footer.html]
[steelthemes-20012418.hs-sites.com/en/blog/news-finance-and-legal-work-streams-occur-throughout-the-project-0.html]
[cdn2.hubspot.net/hub/20012418/hub_generated/template_assets/46697139212/1621317815154/steeltheme-delaware/css/templates/system.min.css]
[7052064.fs1.hubspotusercontent-na1.net/hubfs/7052064/hub_generated/module_assets/1/2712624/1738858915381/module_search_results.min.css]
[steelthemes-20012418.hs-sites.com/hs-search-results.html]
[steelthemes-20012418.hs-sites.com/hs-search-resultsc6eb.html]
[steelthemes-20012418.hs-sites.com/hs-search-results091c.html]
[steelthemes-20012418.hs-sites.com/leading-water-manufacturer.html]
[steelthemes-20012418.hs-sites.com/404c6eb.html]
[7052064.fs1.hubspotusercontent-na1.net/hubfs/7052064/hub_generated/module_assets/1/2712624/1738858915381/module_search_results.min.js]
[steelthemes-20012418.hs-sites.com/contact-us.html]
[steelthemes-20012418.hs-sites.com/audit-assurance.html]
[steelthemes-20012418.hs-sites.com/trades-stocks.html]
[steelthemes-20012418.hs-sites.com/strategic-communications.html]
[steelthemes-20012418.hs-sites.com/marketing-sales.html]
[steelthemes-20012418.hs-sites.com/strategic-planning.html]
[19930970.fs1.hubspotusercontent-na1.net/hub/19930970/hubfs/bg-11266.jpg]
[cdn2.hubspot.net/hub/20012418/hub_generated/module_assets/46701446447/1620409534749/module_46701446447_Contact_Address.min.js]
[20012418.fs1.hubspotusercontent-na1.net/hubfs/20012418/blog-1.jpg]
[steelthemes-20012418.hs-sites.com/en/blog/news-finance-and-legal-work-streams-occur-throughout-the-project.html]
[steelthemes-20012418.hs-sites.com/en/blog/tag/finance/page/1.html]
[steelthemes-20012418.hs-sites.com/en/blog/tag/steeltheme-delaware/templates/partials/footer.2ad.delayed]
[steelthemes-20012418.hs-sites.com/en/blog/tag/finance.html]
[steelthemes-20012418.hs-sites.com/en/blog/academic-and-scientific-institutions-companies-around-the-world3d9f.html]
[steelthemes-20012418.hs-sites.com/en/blog/author/authour.html]
[steelthemes-20012418.hs-sites.com/en/blog/academic-and-scientific-institutions-companies-around-the-world.html]
[steelthemes-20012418.hs-sites.com/en/blog/news-finance-and-legal-work-streams-occur-throughout-the-project-0-0-0-0-03d9f.html]
[steelthemes-20012418.hs-sites.com/en/blog/news-finance-and-legal-work-streams-occur-throughout-the-project-0-0-0-0-0.html]
[steelthemes-20012418.hs-sites.com/en/blog/tag/developing.html]
[steelthemes-20012418.hs-sites.com/en/blog/tag/searching.html]
[steelthemes-20012418.hs-sites.com/en/blog/tag/searching/page/1.html]
[steelthemes-20012418.hs-sites.com/en/blog/news-finance-and-legal-work-streams-occur-throughout-the-project-0-0-0-03d9f.html]
[steelthemes-20012418.hs-sites.com/en/blog/news-finance-and-legal-work-streams-occur-throughout-the-project-0-0-0-0.html]
[steelthemes-20012418.hs-sites.com/steeltheme-delaware/templates/partials/footer.html]
[steelthemes-20012418.hs-sites.com/garado/around-coffee-table.html]
[steelthemes-20012418.hs-sites.com/garado/garado/templates/partials/footer.html]
[cdn2.hubspot.net/hub/20012418/hub_generated/module_assets/76156962416/1660402766086/module_76156962416_faqsgarado.min.css]
[cdn2.hubspot.net/hub/20012418/hub_generated/module_assets/76258460253/1660402765989/module_76258460253_gallerygarado.min.css]
[steelthemes-20012418.hs-sites.com/en/blog/tag/designing.html]
[20012418.fs1.hubspotusercontent-na1.net/hub/20012418/hubfs/product421ce.jpg]
[steelthemes-20012418.hs-sites.com/garado/clara-french-press.html]
[20012418.fs1.hubspotusercontent-na1.net/hub/20012418/hubfs/product59145.jpg]
[steelthemes-20012418.hs-sites.com/garado/hay-about-a-chair-aac-22.html]
[20012418.fs1.hubspotusercontent-na1.net/hub/20012418/hubfs/product6ac38.jpg]
[steelthemes-20012418.hs-sites.com/garado/nikari-arte-marfa-stool.html]
[cdn2.hubspot.net/hub/20012418/hub_generated/module_assets/76314116479/1660403559474/module_76314116479_newsgaradotwo.min.css]
[steelthemes-20012418.hs-sites.com/garado/blog/sea-good-every-which-said-first-divides.html]
[steelthemes-20012418.hs-sites.com/garado/blog/page/garado/templates/partials/footer.2c9.delayed]
[steelthemes-20012418.hs-sites.com/garado/blog/page/2.html]
[steelthemes-20012418.hs-sites.com/garado/blog/tag/finance/page/2.html]
[steelthemes-20012418.hs-sites.com/garado/blog/tag/finance/page/1.html]
[steelthemes-20012418.hs-sites.com/garado/blog/tag/garado/templates/partials/footer.html]
[steelthemes-20012418.hs-sites.com/garado/blog/tag/finance.html]
[steelthemes-20012418.hs-sites.com/garado/blog/tag/testing/page/2.html]
[steelthemes-20012418.hs-sites.com/garado/blog/tag/testing.html]
[steelthemes-20012418.hs-sites.com/garado/blog/tag/testing/page/1.html]
[steelthemes-20012418.hs-sites.com/garado/blog/tag/developing/page/2.html]
[steelthemes-20012418.hs-sites.com/garado/blog/tag/developing.html]
[steelthemes-20012418.hs-sites.com/garado/blog/tag/developing/page/1.html]
[steelthemes-20012418.hs-sites.com/garado/blog/tag/landscape/page/2.html]
[steelthemes-20012418.hs-sites.com/garado/blog/tag/landscape.html]
[steelthemes-20012418.hs-sites.com/garado/blog/tag/landscape/page/1.html]
[steelthemes-20012418.hs-sites.com/garado/blog/tag/lawncare/page/2.html]
[steelthemes-20012418.hs-sites.com/garado/blog/tag/lawncare.html]
[steelthemes-20012418.hs-sites.com/garado/blog/tag/lawncare/page/1.html]
[steelthemes-20012418.hs-sites.com/garado/blog/tag/gardening/page/2.html]
[steelthemes-20012418.hs-sites.com/garado/blog/tag/gardening.html]
[steelthemes-20012418.hs-sites.com/garado/blog/tag/gardening/page/1.html]
[steelthemes-20012418.hs-sites.com/garado/blog/tag/watering/page/2.html]
[steelthemes-20012418.hs-sites.com/garado/blog/tag/watering.html]
[steelthemes-20012418.hs-sites.com/garado/blog/tag/watering/page/1.html]
[steelthemes-20012418.hs-sites.com/garado/blog/tag/material/page/2.html]
[steelthemes-20012418.hs-sites.com/garado/blog/tag/material.html]
[steelthemes-20012418.hs-sites.com/garado/blog/tag/material/page/1.html]
[steelthemes-20012418.hs-sites.com/garado/blog/heaven-upon-heaven-moveth-every-have.html]
[steelthemes-20012418.hs-sites.com/garado/blog/heaven-upon-heaven-moveth-every-have3d9f.html]
[steelthemes-20012418.hs-sites.com/garado/blog/third-darkness-and-second-dry-greater.html]
[steelthemes-20012418.hs-sites.com/garado/blog/third-darkness-and-second-dry-greater3d9f.html]
[steelthemes-20012418.hs-sites.com/garado/blog/the-morning-let-you-created-every-day.html]
[steelthemes-20012418.hs-sites.com/garado/blog/page/1.html]
[connect.facebook.net/en_GB/sdk.js]
[steelthemes-20012418.hs-sites.com/garado/blog/the-morning-let-you-created-every-day3d9f.html]
[static.hsappstatic.net/pictos_images/static-1.40/img/pictos-1-png/16/pictos-set1-21.png]
[static.hsappstatic.net/AsyncSupport/static-1.122/sass/comments_listing_asset.css]
[cdn.ampproject.org/v0/amp-analytics-0.1.js]
[cdn.ampproject.org/v0.js]
[track.hubspot.com/__ptq6677.gif]
[steelthemes-20012418.hs-sites.com/garado/blog/tree-earth-fowl-given-moveth-deep-lesser-after3d9f.html]
[steelthemes-20012418.hs-sites.com/index.html]
[steelthemes-20012418.hs-sites.com/garado/blog/author/authour/page/2.html]
[steelthemes-20012418.hs-sites.com/garado/blog/author/authour/page/1.html]
[steelthemes-20012418.hs-sites.com/garado/blog/author/garado/templates/partials/footer.html]
[steelthemes-20012418.hs-sites.com/garado/blog/author/authour.html]
[steelthemes-20012418.hs-sites.com/garado/blog/steelthemes.html]
[steelthemes-20012418.hs-sites.com/garado/blog/garado/templates/partials/footer.html]
[cdn2.hubspot.net/hub/20012418/hub_generated/module_assets/76329868852/1660402763655/module_76329868852_contactgarado.min.css]
[track.hubspot.com/__ptq9ff8.gif]
[steelthemes-20012418.hs-sites.com/garado/blog/given-set-was-without-from-god-divide-rule-hath3d9f.html]
[track.hubspot.com/__ptq2d36.gif]
[steelthemes-20012418.hs-sites.com/garado/blog/a-lesson-in-pant-silhouettes-with-our-design-team3d9f.html]
[cdn2.hubspot.net/hub/20012418/hub_generated/template_assets/46702252455/1620409546591/steeltheme-delaware/css/owl.video.play.html]
[steelthemes-20012418.hs-sites.com/fr/blog/rss.xml]
[steelthemes-20012418.hs-sites.com/fr/blog.html]
[steelthemes-20012418.hs-sites.com/hs-search-results14d1.html]
[steelthemes-20012418.hs-sites.com/4040669.html]
[steelthemes-20012418.hs-sites.com/fr/steeltheme-delaware/templates/partials/footer.html]
[steelthemes-20012418.hs-sites.com/mobility-for-a-global-energy-giant.html]
[steelthemes-20012418.hs-sites.com/putting-the-customer-in-control.html]
[steelthemes-20012418.hs-sites.com/midwest-childrens-hospital.html]
[steelthemes-20012418.hs-sites.com/consulting-and-finance-solutions.html]
[steelthemes-20012418.hs-sites.com/delaware/steeltheme-delaware/templates/partials/footer.html]
[connect.facebook.net/fr_CA/sdk.js]
[steelthemes-20012418.hs-sites.com/en/blog/page/steeltheme-delaware/templates/partials/footer.html]
[steelthemes-20012418.hs-sites.com/en/blog/page/2.html]
[steelthemes-20012418.hs-sites.com/hs-search-resultsb065.html]
[steelthemes-20012418.hs-sites.com/404.html]
[steelthemes-20012418.hs-sites.com/en/blog/tag/consulting.html]
[steelthemes-20012418.hs-sites.com/en/blog/tag/consulting/page/1.html]
[steelthemes-20012418.hs-sites.com/en/blog/news-finance-and-legal-work-streams-occur-throughout-the-project-0-0-03d9f.html]
[steelthemes-20012418.hs-sites.com/en/blog/news-finance-and-legal-work-streams-occur-throughout-the-project-0-0-0.html]
[steelthemes-20012418.hs-sites.com/en/blog/news-finance-and-legal-work-streams-occur-throughout-the-project-0-03d9f.html]
[steelthemes-20012418.hs-sites.com/en/blog/news-finance-and-legal-work-streams-occur-throughout-the-project-0-0.html]
[steelthemes-20012418.hs-sites.com/en/blog/page/1.html]
[steelthemes-20012418.hs-sites.com/en/steeltheme-delaware/templates/partials/footer.html]
[track.hubspot.com/__ptq5ceb.gif]
[steelthemes-20012418.hs-sites.com/en/blog/news-finance-and-legal-work-streams-occur-throughout-the-project-03d9f.html]
[steelthemes-20012418.hs-sites.com/en/blog/author/steel/page/1.html]
[steelthemes-20012418.hs-sites.com/en/blog/author/steeltheme-delaware/templates/partials/footer.html]
[steelthemes-20012418.hs-sites.com/en/blog/author/steel.html]
[steelthemes-20012418.hs-sites.com/en/blog/tag/testing.html]
[steelthemes-20012418.hs-sites.com/en/blog/steelthemesc6eb.html]
[steelthemes-20012418.hs-sites.com/en/blog/steeltheme-delaware/templates/partials/footer.html]
[kit.fontawesome.com/f2711dea4c.html]
[cdn2.hubspot.net/hub/20012418/hub_generated/template_assets/46697139212/1621317815154/steeltheme-delaware/css/templates/system.min.css]
[7052064.fs1.hubspotusercontent-na1.net/hubfs/7052064/hub_generated/module_assets/1/2712624/1738858915381/module_search_results.min.css]
[steelthemes-20012418.hs-sites.com/hs-search-results.html]
[steelthemes-20012418.hs-sites.com/hs-search-resultsc6eb.html]
[steelthemes-20012418.hs-sites.com/en/blog/tag/testing/page/1.html]
[steelthemes-20012418.hs-sites.com/en/blog/news-finance-and-legal-work-streams-occur-throughout-the-project3d9f.html]
[steelthemes-20012418.hs-sites.com/en/blog/news-finance-and-legal-work-streams-occur-throughout-the-project.html]
[steelthemes-20012418.hs-sites.com/en/blog/tag/finance/page/steeltheme-delaware/templates/partials/footer.html]
[steelthemes-20012418.hs-sites.com/en/blog/tag/finance/page/1.html]
[steelthemes-20012418.hs-sites.com/en/blog/tag/steeltheme-delaware/templates/partials/footer.html]
[track.hubspot.com/__ptq1d58.gif]
[steelthemes-20012418.hs-sites.com/en/blog/academic-and-scientific-institutions-companies-around-the-world3d9f.html]
[steelthemes-20012418.hs-sites.com/en/blog/author/authour.html]
[steelthemes-20012418.hs-sites.com/en/blog/author/authour/page/1.html]
[track.hubspot.com/__ptqf936.gif]
[steelthemes-20012418.hs-sites.com/en/blog/news-finance-and-legal-work-streams-occur-throughout-the-project-0-0-0-0-03d9f.html]
[steelthemes-20012418.hs-sites.com/en/blog/tag/developing.html]
[steelthemes-20012418.hs-sites.com/en/blog/tag/developing/page/1.html]
[steelthemes-20012418.hs-sites.com/en/blog/tag/searching/page/steeltheme-delaware/templates/partials/footer.html]
[steelthemes-20012418.hs-sites.com/en/blog/tag/searching/page/1.html]
[track.hubspot.com/__ptqa3ce.gif]
[steelthemes-20012418.hs-sites.com/en/blog/news-finance-and-legal-work-streams-occur-throughout-the-project-0-0-0-03d9f.html]
[steelthemes-20012418.hs-sites.com/en/blog/tag/designing.html]
[steelthemes-20012418.hs-sites.com/en/blog/tag/designing/page/1.html]
[steelthemes-20012418.hs-sites.com/garado/blog/sea-good-every-which-said-first-divides.html]
[steelthemes-20012418.hs-sites.com/garado/blog/page/garado/templates/partials/footer.html]
[steelthemes-20012418.hs-sites.com/garado/blog/sea-good-every-which-said-first-divides3d9f.html]
[steelthemes-20012418.hs-sites.com/garado/blog/tag/finance/page/garado/templates/partials/footer.html]
[steelthemes-20012418.hs-sites.com/garado/blog/tag/finance/page/2.html]
[steelthemes-20012418.hs-sites.com/garado/blog/tag/finance/page/1.html]
[steelthemes-20012418.hs-sites.com/garado/blog/tag/garado/templates/partials/footer.html]
[steelthemes-20012418.hs-sites.com/garado/blog/tag/testing/page/garado/templates/partials/footer.html]
[steelthemes-20012418.hs-sites.com/garado/blog/tag/testing/page/2.html]
[steelthemes-20012418.hs-sites.com/garado/blog/tag/testing/page/1.html]
[steelthemes-20012418.hs-sites.com/garado/blog/tag/developing/page/garado/templates/partials/footer.html]
[steelthemes-20012418.hs-sites.com/garado/blog/tag/developing/page/2.html]
[steelthemes-20012418.hs-sites.com/garado/blog/tag/developing/page/1.html]
[steelthemes-20012418.hs-sites.com/garado/blog/tag/landscape/page/garado/templates/partials/footer.html]
[steelthemes-20012418.hs-sites.com/garado/blog/tag/landscape/page/2.html]
[steelthemes-20012418.hs-sites.com/garado/blog/tag/landscape/page/1.html]
[steelthemes-20012418.hs-sites.com/garado/blog/tag/lawncare/page/garado/templates/partials/footer.html]
[steelthemes-20012418.hs-sites.com/garado/blog/tag/lawncare/page/2.html]
[steelthemes-20012418.hs-sites.com/garado/blog/tag/lawncare/page/1.html]
[steelthemes-20012418.hs-sites.com/garado/blog/tag/gardening/page/garado/templates/partials/footer.html]
[steelthemes-20012418.hs-sites.com/garado/blog/tag/gardening/page/2.html]
[steelthemes-20012418.hs-sites.com/garado/blog/tag/gardening/page/1.html]
[steelthemes-20012418.hs-sites.com/garado/blog/tag/watering/page/garado/templates/partials/footer.html]
[steelthemes-20012418.hs-sites.com/garado/blog/tag/watering/page/2.html]
[steelthemes-20012418.hs-sites.com/garado/blog/tag/watering/page/1.html]
[steelthemes-20012418.hs-sites.com/garado/blog/tag/material/page/garado/templates/partials/footer.html]
[steelthemes-20012418.hs-sites.com/garado/blog/tag/material/page/2.html]
[steelthemes-20012418.hs-sites.com/garado/blog/tag/material/page/1.html]
[track.hubspot.com/__ptq9fc5.gif]
[steelthemes-20012418.hs-sites.com/garado/blog/heaven-upon-heaven-moveth-every-have3d9f.html]
[track.hubspot.com/__ptq94ac.gif]
[steelthemes-20012418.hs-sites.com/garado/blog/third-darkness-and-second-dry-greater3d9f.html]
[track.hubspot.com/__ptqd1b0.gif]
[steelthemes-20012418.hs-sites.com/garado/blog/the-morning-let-you-created-every-day3d9f.html]
[steelthemes-20012418.hs-sites.com/garado/blog/author/authour/page/garado/templates/partials/footer.html]
[steelthemes-20012418.hs-sites.com/garado/blog/author/authour/page/2.html]
[steelthemes-20012418.hs-sites.com/garado/blog/author/authour/page/1.html]
[steelthemes-20012418.hs-sites.com/garado/blog/author/garado/templates/partials/footer.html]
[connect.facebook.net/fr_CA/sdk.js]
[steelthemes-20012418.hs-sites.com/en/blog/page/steeltheme-delaware/templates/partials/footer.html]
[steelthemes-20012418.hs-sites.com/en/blog/tag/consulting/page/steeltheme-delaware/templates/partials/footer.html]
[steelthemes-20012418.hs-sites.com/en/blog/tag/consulting/page/1.html]
[track.hubspot.com/__ptqc611.gif]
[steelthemes-20012418.hs-sites.com/en/blog/news-finance-and-legal-work-streams-occur-throughout-the-project-0-0-03d9f.html]
[track.hubspot.com/__ptq28f6.gif]
[steelthemes-20012418.hs-sites.com/en/blog/news-finance-and-legal-work-streams-occur-throughout-the-project-0-03d9f.html]
[steelthemes-20012418.hs-sites.com/en/blog/author/steel/page/steeltheme-delaware/templates/partials/footer.html]
[steelthemes-20012418.hs-sites.com/en/blog/author/steel/page/1.html]
[steelthemes-20012418.hs-sites.com/en/blog/author/steeltheme-delaware/templates/partials/footer.html]
[steelthemes-20012418.hs-sites.com/en/blog/tag/testing/page/steeltheme-delaware/templates/partials/footer.html]
[steelthemes-20012418.hs-sites.com/en/blog/tag/testing/page/1.html]
[track.hubspot.com/__ptq8370.gif]
[steelthemes-20012418.hs-sites.com/en/blog/news-finance-and-legal-work-streams-occur-throughout-the-project3d9f.html]
[steelthemes-20012418.hs-sites.com/en/blog/tag/finance/page/steeltheme-delaware/templates/partials/footer.html]
[steelthemes-20012418.hs-sites.com/en/blog/author/authour/page/steeltheme-delaware/templates/partials/footer.html]
[steelthemes-20012418.hs-sites.com/en/blog/author/authour/page/1.html]
[steelthemes-20012418.hs-sites.com/en/blog/tag/developing/page/steeltheme-delaware/templates/partials/footer.html]
[steelthemes-20012418.hs-sites.com/en/blog/tag/developing/page/1.html]
[steelthemes-20012418.hs-sites.com/en/blog/tag/searching/page/steeltheme-delaware/templates/partials/footer.html]
[steelthemes-20012418.hs-sites.com/en/blog/tag/designing/page/steeltheme-delaware/templates/partials/footer.html]
[steelthemes-20012418.hs-sites.com/en/blog/tag/designing/page/1.html]
[track.hubspot.com/__ptq10a5.gif]
[steelthemes-20012418.hs-sites.com/garado/blog/sea-good-every-which-said-first-divides3d9f.html]
[steelthemes-20012418.hs-sites.com/garado/blog/tag/finance/page/garado/templates/partials/footer.html]
[steelthemes-20012418.hs-sites.com/garado/blog/tag/testing/page/garado/templates/partials/footer.html]
[steelthemes-20012418.hs-sites.com/garado/blog/tag/developing/page/garado/templates/partials/footer.html]
[steelthemes-20012418.hs-sites.com/garado/blog/tag/landscape/page/garado/templates/partials/footer.html]
[steelthemes-20012418.hs-sites.com/garado/blog/tag/lawncare/page/garado/templates/partials/footer.html]
[steelthemes-20012418.hs-sites.com/garado/blog/tag/gardening/page/garado/templates/partials/footer.html]
[steelthemes-20012418.hs-sites.com/garado/blog/tag/watering/page/garado/templates/partials/footer.html]
[steelthemes-20012418.hs-sites.com/garado/blog/tag/material/page/garado/templates/partials/footer.html]
[steelthemes-20012418.hs-sites.com/garado/blog/author/authour/page/garado/templates/partials/footer.html]
[steelthemes-20012418.hs-sites.com/en/blog/tag/consulting/page/steeltheme-delaware/templates/partials/footer.html]
[steelthemes-20012418.hs-sites.com/en/blog/author/steel/page/steeltheme-delaware/templates/partials/footer.html]
[steelthemes-20012418.hs-sites.com/en/blog/tag/testing/page/steeltheme-delaware/templates/partials/footer.html]
[steelthemes-20012418.hs-sites.com/en/blog/author/authour/page/steeltheme-delaware/templates/partials/footer.html]
[steelthemes-20012418.hs-sites.com/en/blog/tag/developing/page/steeltheme-delaware/templates/partials/footer.html]
[steelthemes-20012418.hs-sites.com/en/blog/tag/designing/page/steeltheme-delaware/templates/partials/footer.html]
